---
# Source: rhoai-dsc/templates/dsc.yaml
apiVersion: datasciencecluster.opendatahub.io/v1
kind: DataScienceCluster
metadata:
  name: default-dsc
spec:
  components:
    codeflare:
      managementState: "Removed"
    ray:
      managementState: "Removed"
    dashboard:
      managementState: "Managed"
    datasciencepipelines:
      managementState: "Managed"
    kserve:
      managementState: "Managed"
    modelmeshserving:
      managementState: "Managed"
    trustyai:
      managementState: "Managed"
    workbenches:
      managementState: "Managed"
